// Jest Snapshot v1, https://goo.gl/fbAQLP

exports[`<AddToCart/> renders and mathches the snapshot 1`] = `
<button
  disabled={false}
  onClick={[Function]}
>
  Add To Cart
</button>
`;
