// Jest Snapshot v1, https://goo.gl/fbAQLP

exports[`<Signup/> renders and mathches snapshot 1`] = `
<MockedProvider
  addTypename={true}
>
  <ApolloProvider
    client={
      ApolloClient {
        "__operations_cache__": Map {},
        "cache": InMemoryCache {
          "addTypename": true,
          "config": Object {
            "addTypename": true,
            "dataIdFromObject": [Function],
            "fragmentMatcher": HeuristicFragmentMatcher {},
            "storeFactory": [Function],
          },
          "data": ObjectCache {
            "data": Object {},
          },
          "optimistic": Array [],
          "silenceBroadcast": false,
          "typenameDocumentCache": WeakMap {},
          "watches": Array [],
        },
        "defaultOptions": Object {},
        "disableNetworkFetches": false,
        "link": ApolloLink {
          "request": [Function],
        },
        "mutate": [Function],
        "query": [Function],
        "queryDeduplication": true,
        "reFetchObservableQueries": [Function],
        "resetStore": [Function],
        "resetStoreCallbacks": Array [],
        "ssrMode": false,
        "store": DataStore {
          "cache": InMemoryCache {
            "addTypename": true,
            "config": Object {
              "addTypename": true,
              "dataIdFromObject": [Function],
              "fragmentMatcher": HeuristicFragmentMatcher {},
              "storeFactory": [Function],
            },
            "data": ObjectCache {
              "data": Object {},
            },
            "optimistic": Array [],
            "silenceBroadcast": false,
            "typenameDocumentCache": WeakMap {},
            "watches": Array [],
          },
        },
        "version": "2.4.2",
        "watchQuery": [Function],
      }
    }
  >
    <Signup>
      <Mutation
        mutation={
          Object {
            "definitions": Array [
              Object {
                "directives": Array [],
                "kind": "OperationDefinition",
                "name": Object {
                  "kind": "Name",
                  "value": "SIGNUP_MUTATION",
                },
                "operation": "mutation",
                "selectionSet": Object {
                  "kind": "SelectionSet",
                  "selections": Array [
                    Object {
                      "alias": undefined,
                      "arguments": Array [
                        Object {
                          "kind": "Argument",
                          "name": Object {
                            "kind": "Name",
                            "value": "email",
                          },
                          "value": Object {
                            "kind": "Variable",
                            "name": Object {
                              "kind": "Name",
                              "value": "email",
                            },
                          },
                        },
                        Object {
                          "kind": "Argument",
                          "name": Object {
                            "kind": "Name",
                            "value": "name",
                          },
                          "value": Object {
                            "kind": "Variable",
                            "name": Object {
                              "kind": "Name",
                              "value": "name",
                            },
                          },
                        },
                        Object {
                          "kind": "Argument",
                          "name": Object {
                            "kind": "Name",
                            "value": "password",
                          },
                          "value": Object {
                            "kind": "Variable",
                            "name": Object {
                              "kind": "Name",
                              "value": "password",
                            },
                          },
                        },
                      ],
                      "directives": Array [],
                      "kind": "Field",
                      "name": Object {
                        "kind": "Name",
                        "value": "signup",
                      },
                      "selectionSet": Object {
                        "kind": "SelectionSet",
                        "selections": Array [
                          Object {
                            "alias": undefined,
                            "arguments": Array [],
                            "directives": Array [],
                            "kind": "Field",
                            "name": Object {
                              "kind": "Name",
                              "value": "id",
                            },
                            "selectionSet": undefined,
                          },
                          Object {
                            "alias": undefined,
                            "arguments": Array [],
                            "directives": Array [],
                            "kind": "Field",
                            "name": Object {
                              "kind": "Name",
                              "value": "email",
                            },
                            "selectionSet": undefined,
                          },
                          Object {
                            "alias": undefined,
                            "arguments": Array [],
                            "directives": Array [],
                            "kind": "Field",
                            "name": Object {
                              "kind": "Name",
                              "value": "name",
                            },
                            "selectionSet": undefined,
                          },
                        ],
                      },
                    },
                  ],
                },
                "variableDefinitions": Array [
                  Object {
                    "defaultValue": undefined,
                    "kind": "VariableDefinition",
                    "type": Object {
                      "kind": "NonNullType",
                      "type": Object {
                        "kind": "NamedType",
                        "name": Object {
                          "kind": "Name",
                          "value": "String",
                        },
                      },
                    },
                    "variable": Object {
                      "kind": "Variable",
                      "name": Object {
                        "kind": "Name",
                        "value": "email",
                      },
                    },
                  },
                  Object {
                    "defaultValue": undefined,
                    "kind": "VariableDefinition",
                    "type": Object {
                      "kind": "NonNullType",
                      "type": Object {
                        "kind": "NamedType",
                        "name": Object {
                          "kind": "Name",
                          "value": "String",
                        },
                      },
                    },
                    "variable": Object {
                      "kind": "Variable",
                      "name": Object {
                        "kind": "Name",
                        "value": "name",
                      },
                    },
                  },
                  Object {
                    "defaultValue": undefined,
                    "kind": "VariableDefinition",
                    "type": Object {
                      "kind": "NonNullType",
                      "type": Object {
                        "kind": "NamedType",
                        "name": Object {
                          "kind": "Name",
                          "value": "String",
                        },
                      },
                    },
                    "variable": Object {
                      "kind": "Variable",
                      "name": Object {
                        "kind": "Name",
                        "value": "password",
                      },
                    },
                  },
                ],
              },
            ],
            "kind": "Document",
            "loc": Object {
              "end": 217,
              "start": 0,
            },
          }
        }
        refetchQueries={
          Array [
            Object {
              "query": Object {
                "definitions": Array [
                  Object {
                    "directives": Array [],
                    "kind": "OperationDefinition",
                    "name": undefined,
                    "operation": "query",
                    "selectionSet": Object {
                      "kind": "SelectionSet",
                      "selections": Array [
                        Object {
                          "alias": undefined,
                          "arguments": Array [],
                          "directives": Array [],
                          "kind": "Field",
                          "name": Object {
                            "kind": "Name",
                            "value": "me",
                          },
                          "selectionSet": Object {
                            "kind": "SelectionSet",
                            "selections": Array [
                              Object {
                                "alias": undefined,
                                "arguments": Array [],
                                "directives": Array [],
                                "kind": "Field",
                                "name": Object {
                                  "kind": "Name",
                                  "value": "id",
                                },
                                "selectionSet": undefined,
                              },
                              Object {
                                "alias": undefined,
                                "arguments": Array [],
                                "directives": Array [],
                                "kind": "Field",
                                "name": Object {
                                  "kind": "Name",
                                  "value": "email",
                                },
                                "selectionSet": undefined,
                              },
                              Object {
                                "alias": undefined,
                                "arguments": Array [],
                                "directives": Array [],
                                "kind": "Field",
                                "name": Object {
                                  "kind": "Name",
                                  "value": "name",
                                },
                                "selectionSet": undefined,
                              },
                              Object {
                                "alias": undefined,
                                "arguments": Array [],
                                "directives": Array [],
                                "kind": "Field",
                                "name": Object {
                                  "kind": "Name",
                                  "value": "permissions",
                                },
                                "selectionSet": undefined,
                              },
                              Object {
                                "alias": undefined,
                                "arguments": Array [],
                                "directives": Array [],
                                "kind": "Field",
                                "name": Object {
                                  "kind": "Name",
                                  "value": "orders",
                                },
                                "selectionSet": Object {
                                  "kind": "SelectionSet",
                                  "selections": Array [
                                    Object {
                                      "alias": undefined,
                                      "arguments": Array [],
                                      "directives": Array [],
                                      "kind": "Field",
                                      "name": Object {
                                        "kind": "Name",
                                        "value": "id",
                                      },
                                      "selectionSet": undefined,
                                    },
                                  ],
                                },
                              },
                              Object {
                                "alias": undefined,
                                "arguments": Array [],
                                "directives": Array [],
                                "kind": "Field",
                                "name": Object {
                                  "kind": "Name",
                                  "value": "cart",
                                },
                                "selectionSet": Object {
                                  "kind": "SelectionSet",
                                  "selections": Array [
                                    Object {
                                      "alias": undefined,
                                      "arguments": Array [],
                                      "directives": Array [],
                                      "kind": "Field",
                                      "name": Object {
                                        "kind": "Name",
                                        "value": "id",
                                      },
                                      "selectionSet": undefined,
                                    },
                                    Object {
                                      "alias": undefined,
                                      "arguments": Array [],
                                      "directives": Array [],
                                      "kind": "Field",
                                      "name": Object {
                                        "kind": "Name",
                                        "value": "quantity",
                                      },
                                      "selectionSet": undefined,
                                    },
                                    Object {
                                      "alias": undefined,
                                      "arguments": Array [],
                                      "directives": Array [],
                                      "kind": "Field",
                                      "name": Object {
                                        "kind": "Name",
                                        "value": "item",
                                      },
                                      "selectionSet": Object {
                                        "kind": "SelectionSet",
                                        "selections": Array [
                                          Object {
                                            "alias": undefined,
                                            "arguments": Array [],
                                            "directives": Array [],
                                            "kind": "Field",
                                            "name": Object {
                                              "kind": "Name",
                                              "value": "id",
                                            },
                                            "selectionSet": undefined,
                                          },
                                          Object {
                                            "alias": undefined,
                                            "arguments": Array [],
                                            "directives": Array [],
                                            "kind": "Field",
                                            "name": Object {
                                              "kind": "Name",
                                              "value": "price",
                                            },
                                            "selectionSet": undefined,
                                          },
                                          Object {
                                            "alias": undefined,
                                            "arguments": Array [],
                                            "directives": Array [],
                                            "kind": "Field",
                                            "name": Object {
                                              "kind": "Name",
                                              "value": "image",
                                            },
                                            "selectionSet": undefined,
                                          },
                                          Object {
                                            "alias": undefined,
                                            "arguments": Array [],
                                            "directives": Array [],
                                            "kind": "Field",
                                            "name": Object {
                                              "kind": "Name",
                                              "value": "title",
                                            },
                                            "selectionSet": undefined,
                                          },
                                          Object {
                                            "alias": undefined,
                                            "arguments": Array [],
                                            "directives": Array [],
                                            "kind": "Field",
                                            "name": Object {
                                              "kind": "Name",
                                              "value": "description",
                                            },
                                            "selectionSet": undefined,
                                          },
                                        ],
                                      },
                                    },
                                  ],
                                },
                              },
                            ],
                          },
                        },
                      ],
                    },
                    "variableDefinitions": Array [],
                  },
                ],
                "kind": "Document",
                "loc": Object {
                  "end": 425,
                  "start": 0,
                },
              },
            },
          ]
        }
        variables={
          Object {
            "email": "",
            "name": "",
            "password": "",
          }
        }
      >
        <Form
          method="POST"
          onSubmit={[Function]}
        >
          <form
            className="Form-sc-1xszr8q-0 krRxky"
            method="POST"
            onSubmit={[Function]}
          >
            <fieldset
              aria-busy={false}
              disabled={false}
            >
              <h2>
                Sign up for an account
              </h2>
              <DisplayError
                error={Object {}}
              />
              <label
                htmlFor="email"
              >
                Email
                <input
                  name="email"
                  onChange={[Function]}
                  placeholder="email"
                  type="email"
                  value=""
                />
              </label>
              <label
                htmlFor="name"
              >
                Name
                <input
                  name="name"
                  onChange={[Function]}
                  placeholder="Name"
                  type="text"
                  value=""
                />
              </label>
              <label
                htmlFor="password"
              >
                Password
                <input
                  name="password"
                  onChange={[Function]}
                  placeholder="password"
                  type="password"
                  value=""
                />
              </label>
              <button
                type="submit"
              >
                Sign up!
              </button>
            </fieldset>
          </form>
        </Form>
      </Mutation>
    </Signup>
  </ApolloProvider>
</MockedProvider>
`;
